// Jest Snapshot v1, https://goo.gl/fbAQLP

exports[`Contact component renders render 1`] = `[Function]`;
